
user@DESKTOP-EILSM48 MINGW64 ~/Desktop/GitSample (master)
$ git init
Reinitialized existing Git repository in C:/Users/user/Desktop/GitSample/.git/

user@DESKTOP-EILSM48 MINGW64 ~/Desktop/GitSample (master)
$ git status
On branch master
Untracked files:
  (use "git add <file>..." to include in what will be committed)
        FaceBookLogin.txt
        FaceBookSignup.txt
        New Text Document.txt
        abcd.txt

nothing added to commit but untracked files present (use "git add" to track)
g
user@DESKTOP-EILSM48 MINGW64 ~/Desktop/GitSample (master)
$ git add .

user@DESKTOP-EILSM48 MINGW64 ~/Desktop/GitSample (master)
$ git status
On branch master
Changes to be committed:
  (use "git restore --staged <file>..." to unstage)
        new file:   FaceBookLogin.txt
        new file:   FaceBookSignup.txt
        new file:   New Text Document.txt
        new file:   abcd.txt


user@DESKTOP-EILSM48 MINGW64 ~/Desktop/GitSample (master)
$ git commit -m "data is added"
[master 90723f8] data is added
 4 files changed, 174 insertions(+)
 create mode 100644 FaceBookLogin.txt
 create mode 100644 FaceBookSignup.txt
 create mode 100644 New Text Document.txt
 create mode 100644 abcd.txt

user@DESKTOP-EILSM48 MINGW64 ~/Desktop/GitSample (master)
$ git log
commit 90723f88ebce0a598b87b103ffa25350c2d39b1d (HEAD -> master)
Author: irfanpathan <irfanpathanbv6786@gmail.com>
Date:   Wed Feb 15 19:18:26 2023 +0530

    data is added

commit 4d20cbeea4a07dd7a5fe093017c0e4f55ebf006b
Author: irfanpathan <irfanpathanbv6786@gmail.com>
Date:   Tue Feb 7 18:33:50 2023 +0530

    first commit

user@DESKTOP-EILSM48 MINGW64 ~/Desktop/GitSample (master)
$ git remote add origin https://github.com/Irfanjspy/github.git

user@DESKTOP-EILSM48 MINGW64 ~/Desktop/GitSample (master)
$ git commit -m "globle repository added"
On branch master
nothing to commit, working tree clean

user@DESKTOP-EILSM48 MINGW64 ~/Desktop/GitSample (master)
$ git push origin master
Enumerating objects: 10, done.
Counting objects: 100% (10/10), done.
Compressing objects: 100% (5/5), done.
Writing objects: 100% (10/10), 1.60 KiB | 163.00 KiB/s, done.
Total 10 (delta 0), reused 0 (delta 0), pack-reused 0
To https://github.com/Irfanjspy/github.git
 * [new branch]      master -> master

user@DESKTOP-EILSM48 MINGW64 ~/Desktop/GitSample (master)
$
